Usage: repofetch [options] -- [plugin arguments]
    -r, -p, --repository PATH,       Use the provided path. Defaults to the current directory.
        --path
    -P, --plugin PLUGIN              Use the specified plugin.
        --namespace-myplugin         Shortcut for --plugin Namespace::Myplugin
    -v, --version                    Print the version number and exit.

The following dotenv files can be used to set environment variables: /home/me/repofetch.env, /home/me/.repofetch.env

You config file is at /home/me/.repofetch.yml
Installed plugins: Namespace::Myplugin
