Usage: repofetch [options] -- [plugin arguments]
    -r, --repository PATH            Use the provided repository. Defaults to the current directory.
    -p, --plugin PLUGIN              Use the specified plugin.
        --namespace-myplugin         Shortcut for --plugin Namespace::Myplugin

The following dotenv files can be used to set environment variables: C:/home/me/repofetch.env, C:/home/me/.repofetch.env

You config file is at C:/home/me/.repofetch.yml
Installed plugins: Namespace::Myplugin
