1234567890[0m                                   plugin header
ABCDEFGHIJ[0m                                   -------------
!@#$^&*()_[0m                                   field 1: OK
QWERTYUIOP[0m                                   field 2: Yes
[0m                                             field 3: Sure!
