1234567890[0m                                   plugin header
ABCDEFGHIJ[0m                                   -------------
!@#$^&*()_[0m                                   [1mfield 1[0m: OK
QWERTYUIOP[0m                                   [1mfield 2[0m: Yes
[0m                                             [1mfield 3[0m: Sure!
