1234567890[0m                                   [0m[1mplugin header[0m[0m
ABCDEFGHIJ[0m                                   -------------
!@#$^&*()_[0m                                   [0m[1m[0m[1mfield 1[0m[0m[0m[0m: OK
QWERTYUIOP[0m                                   [0m[1m[0m[1mfield 2[0m[0m[0m[0m: Yes
[0m                                             [0m[1m[0m[1mfield 3[0m[0m[0m[0m: Sure!
