[34m@@@@@@@@@@@@@@@@@@@@@@@@@@@@@@@@@@@@@@@[0m      [34m[1mFoo/Bar[0m[0m @ [34m[1mBitbucket[0m[0m
[34m@@@@@@@@@@@@@@@@@@@@@@@@@@@@@@@@@@@@@@@[0m      -------------------
[34m @@@@@@@@@@@@@@@@@@@@@@@@@@@@@@@@@@@@@ [0m      🌐[34m[1mHTTP(S)[0m[0m: https://bitbucket.org/foo/bar.git
[34m @@@@@@@@@@@@@@@@@@@@@@@@@@@@@@@@@@@@@ [0m      🔑[34m[1mSSH[0m[0m: git@bitbucket.org/foo/bar.git
[34m  @@@@@@@@@@@@@@@@@@@@@@@@@@@@@@@@@@@  [0m      👀[34m[1msubscribers[0m[0m: 10
[34m  @@@@@@@@@@@@@@@@@@@@@@@@@@@@@@@@@@@  [0m      🔱[34m[1mforks[0m[0m: 3
[34m   @@@@@@@@@               .........   [0m      🐣[34m[1mcreated[0m[0m: about 1 year ago
[34m   @@@@@@@@@               .........   [0m      📤[34m[1mupdated[0m[0m: about 1 year ago
[34m    @@@@@@@@@             :::::::::    [0m      💽[34m[1msize[0m[0m: 1000 Bytes
[34m    @@@@@@@@@             :::::::::    [0m      ❗[34m[1missues[0m[0m: 100
[34m     @@@@@@@@@           !!!!!!!!!     [0m      🔀[34m[1mpull requests[0m[0m: 75
[34m     @@@@@@@@@           !!!!!!!!!     [0m      
[34m      @@@@@@@@@@@@@@@@@@@@@@@@@@@      [0m      
[34m      @@@@@@@@@@@@@@@@@@@@@@@@@@@      [0m      
[34m       @@@@@@@@@@@@@@@@@@@@@@@@@       [0m      
[34m       @@@@@@@@@@@@@@@@@@@@@@@@@       [0m      
[34m        @@@@@@@@@@@@@@@@@@@@@@@        [0m      
